// Vitest Snapshot v1

exports[`Should generate page excerpt correctly > Should generate excerpt 1`] = `""`;

exports[`Should generate page excerpt correctly > Should generate excerpt 2`] = `
"<p>A text with </p>
"
`;

exports[`Should generate page excerpt correctly > Should generate excerpt 3`] = `
"<p>A long code block which is expected to be cut of</p>
<div class=\\"language-javascript line-numbers-mode\\" data-ext=\\"js\\"><pre class=\\"language-javascript\\"><code>const a = 1;
const a = 1;
const a = 1;
const a = 1;
const a = 1;
const a = 1;
const a = 1;
const a = 1;
const a = 1;
const a = 1;
const a = 1;
const a = 1;
const a = 1;
const a = 1;
const a = 1;
const a = 1;
const a = 1;
const a = 1;
const a = 1;
const a = 1;
const a = 1;
const a = 1;
const a = 1;
const a = 1;
const a = 1;
const a = 1;
const a = 1;
const a = 1;
const a = 1;
const a = 1;
const a = 1;
const a = 1;
const a = 1;
const a = 1;
const a = 1;
const a = 1;
const a = 1;
const a = 1;
const a = 1;
const a = 1;
const a = 1;
const a = 1;
const a = 1;
const a = 1;
const a = 1;
const a = 1;
const a = 1;
const a = 1;
const a = 1;
const a = 1;
const a = 1;
const a = 1;
const a = 1;
const a = 1;
const a = 1;
const a = 1;
const a = 1;
const a = 1;
const a = 1;
const a = 1;
const a = 1;
const a = 1;
const a = 1;
const a = 1;
const a = 1;
const a = 1;
const a = 1;
const a = 1;
const a = 1;
const a = 1;
const a = 1;
const a = 1;
const a = 1;
const a = 1;
const a = 1;
const a = 1;
const a = 1;
const a = 1;
const a = 1;
const a = 1;
const a = 1;
const a = 1;
const a = 1;
const a = 1;
const a = 1;
const a = 1;
const a = 1;
const a = 1;
</code></pre><div class=\\"line-numbers\\" aria-hidden=\\"true\\"><div class=\\"line-number\\"></div><div class=\\"line-number\\"></div><div class=\\"line-number\\"></div><div class=\\"line-number\\"></div><div class=\\"line-number\\"></div><div class=\\"line-number\\"></div><div class=\\"line-number\\"></div><div class=\\"line-number\\"></div><div class=\\"line-number\\"></div><div class=\\"line-number\\"></div><div class=\\"line-number\\"></div><div class=\\"line-number\\"></div><div class=\\"line-number\\"></div><div class=\\"line-number\\"></div><div class=\\"line-number\\"></div><div class=\\"line-number\\"></div><div class=\\"line-number\\"></div><div class=\\"line-number\\"></div><div class=\\"line-number\\"></div><div class=\\"line-number\\"></div><div class=\\"line-number\\"></div><div class=\\"line-number\\"></div><div class=\\"line-number\\"></div><div class=\\"line-number\\"></div><div class=\\"line-number\\"></div><div class=\\"line-number\\"></div><div class=\\"line-number\\"></div><div class=\\"line-number\\"></div><div class=\\"line-number\\"></div><div class=\\"line-number\\"></div><div class=\\"line-number\\"></div><div class=\\"line-number\\"></div><div class=\\"line-number\\"></div><div class=\\"line-number\\"></div><div class=\\"line-number\\"></div><div class=\\"line-number\\"></div><div class=\\"line-number\\"></div><div class=\\"line-number\\"></div><div class=\\"line-number\\"></div><div class=\\"line-number\\"></div><div class=\\"line-number\\"></div><div class=\\"line-number\\"></div><div class=\\"line-number\\"></div><div class=\\"line-number\\"></div><div class=\\"line-number\\"></div><div class=\\"line-number\\"></div><div class=\\"line-number\\"></div><div class=\\"line-number\\"></div><div class=\\"line-number\\"></div><div class=\\"line-number\\"></div><div class=\\"line-number\\"></div><div class=\\"line-number\\"></div><div class=\\"line-number\\"></div><div class=\\"line-number\\"></div><div class=\\"line-number\\"></div><div class=\\"line-number\\"></div><div class=\\"line-number\\"></div><div class=\\"line-number\\"></div><div class=\\"line-number\\"></div><div class=\\"line-number\\"></div><div class=\\"line-number\\"></div><div class=\\"line-number\\"></div><div class=\\"line-number\\"></div><div class=\\"line-number\\"></div><div class=\\"line-number\\"></div><div class=\\"line-number\\"></div><div class=\\"line-number\\"></div><div class=\\"line-number\\"></div><div class=\\"line-number\\"></div><div class=\\"line-number\\"></div><div class=\\"line-number\\"></div><div class=\\"line-number\\"></div><div class=\\"line-number\\"></div><div class=\\"line-number\\"></div><div class=\\"line-number\\"></div><div class=\\"line-number\\"></div><div class=\\"line-number\\"></div><div class=\\"line-number\\"></div><div class=\\"line-number\\"></div><div class=\\"line-number\\"></div><div class=\\"line-number\\"></div><div class=\\"line-number\\"></div><div class=\\"line-number\\"></div><div class=\\"line-number\\"></div><div class=\\"line-number\\"></div><div class=\\"line-number\\"></div><div class=\\"line-number\\"></div><div class=\\"line-number\\"></div></div></div>"
`;

exports[`Should generate page excerpt correctly > Should generate excerpt 4`] = `
"<p>Here is <strong>article excerpt</strong>.</p>
<div class=\\"language-javascript line-numbers-mode\\" data-ext=\\"js\\"><pre class=\\"language-javascript\\"><code>const a = 1;
</code></pre><div class=\\"line-numbers\\" aria-hidden=\\"true\\"><div class=\\"line-number\\"></div></div></div>"
`;

exports[`Should generate page excerpt correctly > Should generate excerpt 5`] = `
"<h1> Heading 1</h1>
<h2> Heading 2</h2>
<h3> Heading 3</h3>
<h4> Heading 4</h4>
<h5> Heading 5</h5>
<h6> Heading 6</h6>
<h2> Text</h2>
<p>This sentence has <strong>bold</strong>„ÄÅ<em>italic</em> and <s>delete</s> style text.</p>"
`;

exports[`Should generate page excerpt correctly > Should generate excerpt 6`] = `
"<p>This is a <a href=\\"/demo.html\\" target=\\"blank\\">link</a> referencing other markdown.</p>
<p><img src=\\"/logo.svg\\" alt=\\"logo\\"></p>
<p><img src=\\"/logo.svg\\" alt=\\"logo\\"></p>
<p><img src=\\"https://exmaple.com/logo.svg\\" alt=\\"logo\\"></p>"
`;

exports[`Should generate page excerpt correctly > Should generate excerpt 7`] = `""`;
