// Vitest Snapshot v1, https://vitest.dev/guide/snapshot.html

exports[`card > Should drop invalid keys 1`] = `"<VPCard v-bind='{\\"title\\":\\"A card\\",\\"desc\\":\\"A card desc\\"}' />"`;

exports[`card > Should drop unknown keys 1`] = `"<VPCard v-bind='{\\"title\\":\\"A card\\",\\"desc\\":\\"A card desc\\",\\"logo\\":\\"https://example.com/logo.png\\",\\"link\\":\\"https://example.com\\",\\"color\\":\\"#000\\"}' />"`;

exports[`card > Should not break markdown fence 1`] = `
"<pre><code class=\\"language-js\\">const a = 1;
</code></pre>
"
`;

exports[`card > Should resolve card fence 1`] = `"<VPCard v-bind='{\\"title\\":\\"A card\\",\\"desc\\":\\"A card desc\\",\\"logo\\":\\"https://example.com/logo.png\\",\\"link\\":\\"https://example.com\\",\\"color\\":\\"#000\\"}' />"`;

exports[`card > Should resolve card:json fence 1`] = `"<VPCard v-bind='{\\"title\\":\\"A card\\",\\"desc\\":\\"A card desc\\",\\"logo\\":\\"https://example.com/logo.png\\",\\"link\\":\\"https://example.com\\",\\"color\\":\\"#000\\"}' />"`;

exports[`card > Should resolve card:yaml fence 1`] = `"<VPCard v-bind='{\\"title\\":\\"A card\\",\\"desc\\":\\"A card desc\\",\\"logo\\":\\"https://example.com/logo.png\\",\\"link\\":\\"https://example.com\\",\\"color\\":\\"#000\\"}' />"`;

exports[`card > Should resolve card:yml fence 1`] = `"<VPCard v-bind='{\\"title\\":\\"A card\\",\\"desc\\":\\"A card desc\\",\\"logo\\":\\"https://example.com/logo.png\\",\\"link\\":\\"https://example.com\\",\\"color\\":\\"#000\\"}' />"`;
