// Vitest Snapshot v1, https://vitest.dev/guide/snapshot.html

exports[`chart > Should resolve chart info with javascript block 1`] = `"<ChartJS id=\\"chart-0\\" config=\\"eJyNUsFOwzAMve8rrHABKZqWlg5WxAE4cARxAMHEIV1NmQhNlaaCCe3fcdKtW0sLWGpjxy/v+UV512mlcIyfhTa2hHP4GgHYVYExsEQaxqlMpZWxbwAomaAqY5izO0wZB3apKnTrIyqlP1x2bRBzl9xWplC+eWNkniF7dmw1X4nWsfgaNtwNP2kfgH6Be22x9CPUUQ8yFwEHMeMQcog4UBFuiF0kcvGWGV3l6ZVW2uw0XDCTJfIwiOjYjAhESIcn4+BoT2MLio6pP6V+EBJ6AOSZgsmUwyl9A6ATwoiZn3lYTkTkRkycnuP8TU9ENPqUxuuA9i9BmxTNPy9A/G2/F9I23wtpW++FdIwPKzW2W5Afph+WqX2NQWz313XicT7XhV3qnB5f/ejKhVTYVACrXUqUmC3zC/uERsdgTYUdVr/Qb302+gZxe7S/\\" title=\\"A%20bar%20chart\\" type=\\"js\\"></ChartJS>"`;

exports[`chart > Should resolve chart info with js block 1`] = `"<ChartJS id=\\"chart-0\\" config=\\"eJyNUsFOwzAMve8rrHABKZqWlg5WxAE4cARxAMHEIV1NmQhNlaaCCe3fcdKtW0sLWGpjxy/v+UV512mlcIyfhTa2hHP4GgHYVYExsEQaxqlMpZWxbwAomaAqY5izO0wZB3apKnTrIyqlP1x2bRBzl9xWplC+eWNkniF7dmw1X4nWsfgaNtwNP2kfgH6Be22x9CPUUQ8yFwEHMeMQcog4UBFuiF0kcvGWGV3l6ZVW2uw0XDCTJfIwiOjYjAhESIcn4+BoT2MLio6pP6V+EBJ6AOSZgsmUwyl9A6ATwoiZn3lYTkTkRkycnuP8TU9ENPqUxuuA9i9BmxTNPy9A/G2/F9I23wtpW++FdIwPKzW2W5Afph+WqX2NQWz313XicT7XhV3qnB5f/ejKhVTYVACrXUqUmC3zC/uERsdgTYUdVr/Qb302+gZxe7S/\\" title=\\"A%20bar%20chart\\" type=\\"js\\"></ChartJS>"`;

exports[`chart > Should resolve chart info with json block 1`] = `"<ChartJS id=\\"chart-0\\" config=\\"eJyNUj1PwzAQ3fsrLLOAZKE6IYGwAQMjiAEEVQenOUKEFUeOI1Sh/HfuLLckKCkd/HH3nt/ds+57wRh32wb4NeO5slxQolBOYYJAjLTKQbcYr/gTFFwwfqs7oPMVtDZfdLu3ADVdHjvbaA8+WFWXwNekGDRbcF7HZ1jQ/61BPZww886ejYPWtxLg0NBKRoLJTLBYsEQwDOIg71m52nyW1nR1cWe0sYNKHrZlrk6jBB9mKCFjfL48j84GdXak5ALxFPEoRvYMyStFy1SwK1wzpEvkyMx3PV9OJuhHLqkeaR6qJxNsPcX2PGnPGf2CsQXYY39A/u9/kjJ2P0kZe5+k/HE+X2nvGykHXL9UhftA1zIAvT/XuPd+sE3jKlPTDIbZbjdK46jtYsxsBwHpQlnVN+4NrEHA2Q5G0rT3i37xA75CsCY=\\" title=\\"A%20bar%20chart\\" type=\\"json\\"></ChartJS>"`;

exports[`chart > Should resolve chart with empty title and body 1`] = `"<ChartJS id=\\"chart-0\\" config=\\"{}\\" type=\\"\\"></ChartJS>"`;
