// Vitest Snapshot v1, https://vitest.dev/guide/snapshot.html

exports[`code tabs > Should render multiple block 1`] = `
"<CodeTabs id=\\"0\\" :data='[{\\"title\\":\\"js\\"},{\\"title\\":\\"ts\\"}]'>
<template #tab0=\\"{ title, value, isActive }\\">
<pre><code class=\\"language-js\\">const a = 1;
</code></pre>
</template>
<template #tab1=\\"{ title, value, isActive }\\">
<pre><code class=\\"language-ts\\">const a = 1;
</code></pre>
</template>
</CodeTabs>
"
`;

exports[`code tabs > Should render multiple block 2`] = `
"<CodeTabs id=\\"0\\" :data='[{\\"title\\":\\"js\\"},{\\"title\\":\\"ts\\"}]'>
<template #tab0=\\"{ title, value, isActive }\\">
<pre><code class=\\"language-js\\">const a = 1;
</code></pre>
</template>
<template #tab1=\\"{ title, value, isActive }\\">
<pre><code class=\\"language-ts\\">const a = 1;
</code></pre>
</template>
</CodeTabs>
"
`;

exports[`code tabs > Should render single block 1`] = `
"<CodeTabs id=\\"0\\" :data='[{\\"title\\":\\"js\\"}]'>
<template #tab0=\\"{ title, value, isActive }\\">
<pre><code class=\\"language-js\\">const a = 1;
</code></pre>
</template>
</CodeTabs>
"
`;

exports[`code tabs > Should render single block 2`] = `
"<CodeTabs id=\\"0\\" :data='[{\\"title\\":\\"js\\"}]'>
<template #tab0=\\"{ title, value, isActive }\\">
<pre><code class=\\"language-js\\">const a = 1;
</code></pre>
</template>
</CodeTabs>
"
`;

exports[`code tabs > Should support active 1`] = `
"<CodeTabs id=\\"0\\" :data='[{\\"title\\":\\"js\\"}]' :active=\\"0\\">
<template #tab0=\\"{ title, value, isActive }\\">
<pre><code class=\\"language-js\\">const a = 1;
</code></pre>
</template>
</CodeTabs>
"
`;

exports[`code tabs > Should support active 2`] = `
"<CodeTabs id=\\"0\\" :data='[{\\"title\\":\\"js\\"}]' :active=\\"0\\">
<template #tab0=\\"{ title, value, isActive }\\">
<pre><code class=\\"language-js\\">const a = 1;
</code></pre>
</template>
</CodeTabs>
"
`;

exports[`code tabs > Should support active 3`] = `
"<CodeTabs id=\\"0\\" :data='[{\\"title\\":\\"js\\"},{\\"title\\":\\"ts\\"}]' :active=\\"1\\">
<template #tab0=\\"{ title, value, isActive }\\">
<pre><code class=\\"language-js\\">const a = 1;
</code></pre>
</template>
<template #tab1=\\"{ title, value, isActive }\\">
<pre><code class=\\"language-ts\\">const a = 1;
</code></pre>
</template>
</CodeTabs>
"
`;

exports[`code tabs > Should support active 4`] = `
"<CodeTabs id=\\"0\\" :data='[{\\"title\\":\\"js\\"},{\\"title\\":\\"ts\\"}]' :active=\\"1\\">
<template #tab0=\\"{ title, value, isActive }\\">
<pre><code class=\\"language-js\\">const a = 1;
</code></pre>
</template>
<template #tab1=\\"{ title, value, isActive }\\">
<pre><code class=\\"language-ts\\">const a = 1;
</code></pre>
</template>
</CodeTabs>
"
`;

exports[`code tabs > Should support id 1`] = `
"<CodeTabs id=\\"0\\" :data='[{\\"title\\":\\"js\\"}]' tab-id=\\"event\\">
<template #tab0=\\"{ title, value, isActive }\\">
<pre><code class=\\"language-js\\">const a = 1;
</code></pre>
</template>
</CodeTabs>
"
`;

exports[`code tabs > Should support id 2`] = `
"<CodeTabs id=\\"0\\" :data='[{\\"title\\":\\"js\\"}]' tab-id=\\"event-id\\">
<template #tab0=\\"{ title, value, isActive }\\">
<pre><code class=\\"language-js\\">const a = 1;
</code></pre>
</template>
</CodeTabs>
"
`;

exports[`code tabs > Should support id 3`] = `
"<CodeTabs id=\\"0\\" :data='[{\\"title\\":\\"js\\"}]' tab-id=\\"id with space\\">
<template #tab0=\\"{ title, value, isActive }\\">
<pre><code class=\\"language-js\\">const a = 1;
</code></pre>
</template>
</CodeTabs>
"
`;

exports[`code tabs > Should support id 4`] = `
"<CodeTabs id=\\"0\\" :data='[{\\"title\\":\\"js\\"}]' tab-id=\\"id starts and having space in the end\\">
<template #tab0=\\"{ title, value, isActive }\\">
<pre><code class=\\"language-js\\">const a = 1;
</code></pre>
</template>
</CodeTabs>
"
`;

exports[`code tabs > Should support value 1`] = `
"<CodeTabs id=\\"0\\" :data='[{\\"title\\":\\"js\\",\\"id\\":\\"javascript\\"}]'>
<template #tab0=\\"{ title, value, isActive }\\">
<pre><code class=\\"language-js\\">const a = 1;
</code></pre>
</template>
</CodeTabs>
"
`;

exports[`code tabs > Should support value 2`] = `
"<CodeTabs id=\\"0\\" :data='[{\\"title\\":\\"js\\",\\"id\\":\\"javascript\\"}]' :active=\\"0\\">
<template #tab0=\\"{ title, value, isActive }\\">
<pre><code class=\\"language-js\\">const a = 1;
</code></pre>
</template>
</CodeTabs>
"
`;

exports[`code tabs > Should support value 3`] = `
"<CodeTabs id=\\"0\\" :data='[{\\"title\\":\\"js\\",\\"id\\":\\"js\\"},{\\"title\\":\\"ts\\",\\"id\\":\\"typescript\\"}]' :active=\\"1\\">
<template #tab0=\\"{ title, value, isActive }\\">
<pre><code class=\\"language-js\\">const a = 1;
</code></pre>
</template>
<template #tab1=\\"{ title, value, isActive }\\">
<pre><code class=\\"language-ts\\">const a = 1;
</code></pre>
</template>
</CodeTabs>
"
`;

exports[`code tabs > Should support value 4`] = `
"<CodeTabs id=\\"0\\" :data='[{\\"title\\":\\"js\\",\\"id\\":\\"javascript\\"},{\\"title\\":\\"ts\\",\\"id\\":\\"typescript\\"}]' :active=\\"1\\">
<template #tab0=\\"{ title, value, isActive }\\">
<pre><code class=\\"language-js\\">const a = 1;
</code></pre>
</template>
<template #tab1=\\"{ title, value, isActive }\\">
<pre><code class=\\"language-ts\\">const a = 1;
</code></pre>
</template>
</CodeTabs>
"
`;

exports[`code tabs > should ignore other items 1`] = `
"<CodeTabs id=\\"0\\" :data='[{\\"title\\":\\"js\\"}]' :active=\\"0\\">
<template #tab0=\\"{ title, value, isActive }\\">
<pre><code class=\\"language-js\\">const a = 1;
</code></pre>
</template>
</CodeTabs>
"
`;

exports[`code tabs > should ignore other items 2`] = `
"<CodeTabs id=\\"0\\" :data='[{\\"title\\":\\"js\\"}]' :active=\\"0\\">
<template #tab0=\\"{ title, value, isActive }\\">
<pre><code class=\\"language-js\\">const a = 1;
</code></pre>
</template>
</CodeTabs>
"
`;

exports[`code tabs > should ignore other items 3`] = `
"<CodeTabs id=\\"0\\" :data='[{\\"title\\":\\"js\\"},{\\"title\\":\\"ts\\"}]' :active=\\"1\\">
<template #tab0=\\"{ title, value, isActive }\\">
<pre><code class=\\"language-js\\">const a = 1;
</code></pre>
</template>
<template #tab1=\\"{ title, value, isActive }\\">
<pre><code class=\\"language-ts\\">const a = 1;
</code></pre>
</template>
</CodeTabs>
"
`;

exports[`code tabs > should ignore other items 4`] = `
"<CodeTabs id=\\"0\\" :data='[{\\"title\\":\\"js\\"},{\\"title\\":\\"ts\\"}]' :active=\\"1\\">
<template #tab0=\\"{ title, value, isActive }\\">
<pre><code class=\\"language-js\\">const a = 1;
</code></pre>
</template>
<template #tab1=\\"{ title, value, isActive }\\">
<pre><code class=\\"language-ts\\">const a = 1;
</code></pre>
</template>
</CodeTabs>
"
`;
