// Vitest Snapshot v1, https://vitest.dev/guide/snapshot.html

exports[`echarts > Should resolve echarts container with empty title and body 1`] = `"<ECharts id=\\"echarts-0\\" config=\\"eJwBAgD9/3t9AXUA+Q==\\"></ECharts>"`;

exports[`echarts > Should resolve echarts container with javascript block 1`] = `"<ECharts id=\\"echarts-0\\" config=\\"eJxtTT0LwjAQ3fsrjsxB+qlScXBxc1JwKA7BHhqoTUkTaZD+d3OpikOX9+7dvXvvoWrb4AKHTmnTwxZeEcCwG2RfhhHAuA5LYFdh8Ka0Yzxsa2FECRU7qJZxYCeLRGesg7pbor2WREdhAtmWXeh5JHAzFU/RUMzX0qOW6D1V8EzOX3FSxBzSjCDNPSRrDklWeMhXXi7jUPUX3sh2yv6k+/u4id6Mej/K\\" title=\\"A%20line%20chart\\" type=\\"js\\"></ECharts>"`;

exports[`echarts > Should resolve echarts container with js block 1`] = `"<ECharts id=\\"echarts-0\\" config=\\"eJxtTT0LwjAQ3fsrjsxB+qlScXBxc1JwKA7BHhqoTUkTaZD+d3OpikOX9+7dvXvvoWrb4AKHTmnTwxZeEcCwG2RfhhHAuA5LYFdh8Ka0Yzxsa2FECRU7qJZxYCeLRGesg7pbor2WREdhAtmWXeh5JHAzFU/RUMzX0qOW6D1V8EzOX3FSxBzSjCDNPSRrDklWeMhXXi7jUPUX3sh2yv6k+/u4id6Mej/K\\" title=\\"A%20line%20chart\\" type=\\"js\\"></ECharts>"`;

exports[`echarts > Should resolve echarts container with json block 1`] = `"<ECharts id=\\"echarts-0\\" config=\\"eJyr5lJQUK9wrMgsVrdSAHGA3JLKglQgTz05sSQ1Pb+oUl0HIp6SWJIIFI9W983PU9dRUA8pTQVR4akpYF5GKYhyK8oEUcGJJWCqNE89Fqi7FmSEeiV2e8oSc4AmwVUVpxZlpoKURYOVQRQjWW9oaqCjYGQMIoxMgIShhY6CobEpkDAxB3LNDGIh7kWyISczD2wB0AogGctVywUAXzg7QQ==\\" title=\\"A%20line%20chart\\"></ECharts>"`;

exports[`echarts > Should resolve echarts fence 1`] = `"<ECharts id=\\"echarts-0\\" config=\\"eJyr5lJQUK9wrMgsVrdSAHGA3JLKglQgTz05sSQ1Pb+oUl0HIp6SWJIIFI9W983PU9dRUA8pTQVR4akpYF5GKYhyK8oEUcGJJWCqNE89Fqi7FmSEeiV2e8oSc4AmwVUVpxZlpoKURYOVQRQjWW9oaqCjYGQMIoxMgIShhY6CobEpkDAxB3LNDGIh7kWyISczD2wB0AogGctVywUAXzg7QQ==\\" title=\\"A%20line%20chart\\"></ECharts>"`;

exports[`echarts > Should resolve echarts fence with empty title and body 1`] = `"<ECharts id=\\"echarts-0\\" config=\\"eJwBAAD//wAAAAE=\\"></ECharts>"`;
