// Vitest Snapshot v1, https://vitest.dev/guide/snapshot.html

exports[`flowchart > Should handle preset 1`] = `"<FlowChart id=\\"flowchart-0\\" code=\\"eJx1ULFOwzAQ3f0VHotEUrWjpZgJMQFDJoQYXPuSGFKfZZ8bVfLHY6dQwdDlrHd+7927i9TJSCqQ4H19sleRhJyIvNhul2VpR8Rxhlbj8f0wK/f1waCT4Izgj87kIVEKcEPA0O86iR6CIotO8Oczf/1F66TC2P9j9JSGIesUAjhiMR2KQakBE1kHq0N/hdm6k5qtYRqd6WSt9mLzBpFh4C/4kJX3AU9gbmXUJcAf5ROi4daAygE+QRMYZrGT1vlEZWqpgmtFeuIRj0CTdWPbtj93YCxSU9bZbYIdJ7prVuc13uYM8Z5f2/tL02EBdcvNDEP9KNqSqJILsNhIqHCllVNV+A2yapmT\\" preset=\\"ant\\"></FlowChart>"`;

exports[`flowchart > Should handle preset 2`] = `"<FlowChart id=\\"flowchart-0\\" code=\\"eJx1ULFOwzAQ3f0VHotEUrWjpZgJMQFDJoQYXPuSGFKfZZ8bVfLHY6dQwdDlrHd+7927i9TJSCqQ4H19sleRhJyIvNhul2VpR8Rxhlbj8f0wK/f1waCT4Izgj87kIVEKcEPA0O86iR6CIotO8Oczf/1F66TC2P9j9JSGIesUAjhiMR2KQakBE1kHq0N/hdm6k5qtYRqd6WSt9mLzBpFh4C/4kJX3AU9gbmXUJcAf5ROi4daAygE+QRMYZrGT1vlEZWqpgmtFeuIRj0CTdWPbtj93YCxSU9bZbYIdJ7prVuc13uYM8Z5f2/tL02EBdcvNDEP9KNqSqJILsNhIqHCllVNV+A2yapmT\\" preset=\\"ant\\"></FlowChart>"`;

exports[`flowchart > Should not render 1`] = `
"<p>st=&gt;start: Start|past:&gt;<a href=\\"http://www.google.com\\">http://www.google.com</a>[blank]
e=&gt;end: End|future:&gt;<a href=\\"http://www.google.com\\">http://www.google.com</a>
op1=&gt;operation: My Operation|past
op2=&gt;operation: Stuff|current
sub1=&gt;subroutine: My Subroutine|invalid
cond=&gt;condition: Yes
or No?|approved:&gt;<a href=\\"http://www.google.com\\">http://www.google.com</a>
c2=&gt;condition: Good idea|rejected
io=&gt;inputoutput: catch something...|future</p>
<p>st-&gt;op1(right)-&gt;cond
cond(yes, right)-&gt;c2
cond(no)-&gt;sub1(left)-&gt;op1
c2(yes)-&gt;io-&gt;e
c2(no)-&gt;op2-&gt;e</p>
"
`;

exports[`flowchart > Should not render 2`] = `
"<pre><code class=\\"language-md\\">st=&gt;start: Start|past:&gt;http://www.google.com[blank]
e=&gt;end: End|future:&gt;http://www.google.com
op1=&gt;operation: My Operation|past
op2=&gt;operation: Stuff|current
sub1=&gt;subroutine: My Subroutine|invalid
cond=&gt;condition: Yes
or No?|approved:&gt;http://www.google.com
c2=&gt;condition: Good idea|rejected
io=&gt;inputoutput: catch something...|future

st-&gt;op1(right)-&gt;cond
cond(yes, right)-&gt;c2
cond(no)-&gt;sub1(left)-&gt;op1
c2(yes)-&gt;io-&gt;e
c2(no)-&gt;op2-&gt;e
</code></pre>
"
`;

exports[`flowchart > Should render \`\`\`flow 1`] = `"<FlowChart id=\\"flowchart-0\\" code=\\"eJx1ULFOwzAQ3f0VHotEUrWjpZgJMQFDJoQYXPuSGFKfZZ8bVfLHY6dQwdDlrHd+7927i9TJSCqQ4H19sleRhJyIvNhul2VpR8Rxhlbj8f0wK/f1waCT4Izgj87kIVEKcEPA0O86iR6CIotO8Oczf/1F66TC2P9j9JSGIesUAjhiMR2KQakBE1kHq0N/hdm6k5qtYRqd6WSt9mLzBpFh4C/4kJX3AU9gbmXUJcAf5ROi4daAygE+QRMYZrGT1vlEZWqpgmtFeuIRj0CTdWPbtj93YCxSU9bZbYIdJ7prVuc13uYM8Z5f2/tL02EBdcvNDEP9KNqSqJILsNhIqHCllVNV+A2yapmT\\" preset=\\"vue\\"></FlowChart>"`;

exports[`flowchart > Should render \`\`\`flowchart 1`] = `"<FlowChart id=\\"flowchart-0\\" code=\\"eJx1ULFOwzAQ3f0VHotEUrWjpZgJMQFDJoQYXPuSGFKfZZ8bVfLHY6dQwdDlrHd+7927i9TJSCqQ4H19sleRhJyIvNhul2VpR8Rxhlbj8f0wK/f1waCT4Izgj87kIVEKcEPA0O86iR6CIotO8Oczf/1F66TC2P9j9JSGIesUAjhiMR2KQakBE1kHq0N/hdm6k5qtYRqd6WSt9mLzBpFh4C/4kJX3AU9gbmXUJcAf5ROi4daAygE+QRMYZrGT1vlEZWqpgmtFeuIRj0CTdWPbtj93YCxSU9bZbYIdJ7prVuc13uYM8Z5f2/tL02EBdcvNDEP9KNqSqJILsNhIqHCllVNV+A2yapmT\\" preset=\\"vue\\"></FlowChart>"`;
