// Vitest Snapshot v1

exports[`block mathjax > Shoud render 1`] = `"<mjx-container class=\\"MathJax\\" jax=\\"SVG\\" display=\\"true\\" style=\\"direction: ltr; display: block; text-align: center; margin: 1em 0;\\"><svg style=\\"overflow: visible; min-height: 1px; min-width: 1px; vertical-align: -0.186ex;\\" xmlns=\\"http://www.w3.org/2000/svg\\" width=\\"5.345ex\\" height=\\"1.692ex\\" role=\\"img\\" focusable=\\"false\\" viewBox=\\"0 -666 2362.6 748\\"><g stroke=\\"currentColor\\" fill=\\"currentColor\\" stroke-width=\\"0\\" transform=\\"scale(1,-1)\\"><g data-mml-node=\\"math\\"><g data-mml-node=\\"mi\\"><path data-c=\\"1D44E\\" d=\\"M33 157Q33 258 109 349T280 441Q331 441 370 392Q386 422 416 422Q429 422 439 414T449 394Q449 381 412 234T374 68Q374 43 381 35T402 26Q411 27 422 35Q443 55 463 131Q469 151 473 152Q475 153 483 153H487Q506 153 506 144Q506 138 501 117T481 63T449 13Q436 0 417 -8Q409 -10 393 -10Q359 -10 336 5T306 36L300 51Q299 52 296 50Q294 48 292 46Q233 -10 172 -10Q117 -10 75 30T33 157ZM351 328Q351 334 346 350T323 385T277 405Q242 405 210 374T160 293Q131 214 119 129Q119 126 119 118T118 106Q118 61 136 44T179 26Q217 26 254 59T298 110Q300 114 325 217T351 328Z\\" style=\\"stroke-width: 3;\\"/></g><g data-mml-node=\\"mo\\" transform=\\"translate(806.8,0)\\"><path data-c=\\"3D\\" d=\\"M56 347Q56 360 70 367H707Q722 359 722 347Q722 336 708 328L390 327H72Q56 332 56 347ZM56 153Q56 168 72 173H708Q722 163 722 153Q722 140 707 133H70Q56 140 56 153Z\\" style=\\"stroke-width: 3;\\"/></g><g data-mml-node=\\"mn\\" transform=\\"translate(1862.6,0)\\"><path data-c=\\"31\\" d=\\"M213 578L200 573Q186 568 160 563T102 556H83V602H102Q149 604 189 617T245 641T273 663Q275 666 285 666Q294 666 302 660V361L303 61Q310 54 315 52T339 48T401 46H427V0H416Q395 3 257 3Q121 3 100 0H88V46H114Q136 46 152 46T177 47T193 50T201 52T207 57T213 61V578Z\\" style=\\"stroke-width: 3;\\"/></g></g></g></svg></mjx-container>"`;

exports[`block mathjax > Shoud render 2`] = `"<mjx-container class=\\"MathJax\\" jax=\\"SVG\\" display=\\"true\\" style=\\"direction: ltr; display: block; text-align: center; margin: 1em 0;\\"><svg style=\\"overflow: visible; min-height: 1px; min-width: 1px; vertical-align: -0.186ex;\\" xmlns=\\"http://www.w3.org/2000/svg\\" width=\\"5.345ex\\" height=\\"1.692ex\\" role=\\"img\\" focusable=\\"false\\" viewBox=\\"0 -666 2362.6 748\\"><g stroke=\\"currentColor\\" fill=\\"currentColor\\" stroke-width=\\"0\\" transform=\\"scale(1,-1)\\"><g data-mml-node=\\"math\\"><g data-mml-node=\\"mi\\"><path data-c=\\"1D44E\\" d=\\"M33 157Q33 258 109 349T280 441Q331 441 370 392Q386 422 416 422Q429 422 439 414T449 394Q449 381 412 234T374 68Q374 43 381 35T402 26Q411 27 422 35Q443 55 463 131Q469 151 473 152Q475 153 483 153H487Q506 153 506 144Q506 138 501 117T481 63T449 13Q436 0 417 -8Q409 -10 393 -10Q359 -10 336 5T306 36L300 51Q299 52 296 50Q294 48 292 46Q233 -10 172 -10Q117 -10 75 30T33 157ZM351 328Q351 334 346 350T323 385T277 405Q242 405 210 374T160 293Q131 214 119 129Q119 126 119 118T118 106Q118 61 136 44T179 26Q217 26 254 59T298 110Q300 114 325 217T351 328Z\\" style=\\"stroke-width: 3;\\"/></g><g data-mml-node=\\"mo\\" transform=\\"translate(806.8,0)\\"><path data-c=\\"3D\\" d=\\"M56 347Q56 360 70 367H707Q722 359 722 347Q722 336 708 328L390 327H72Q56 332 56 347ZM56 153Q56 168 72 173H708Q722 163 722 153Q722 140 707 133H70Q56 140 56 153Z\\" style=\\"stroke-width: 3;\\"/></g><g data-mml-node=\\"mn\\" transform=\\"translate(1862.6,0)\\"><path data-c=\\"31\\" d=\\"M213 578L200 573Q186 568 160 563T102 556H83V602H102Q149 604 189 617T245 641T273 663Q275 666 285 666Q294 666 302 660V361L303 61Q310 54 315 52T339 48T401 46H427V0H416Q395 3 257 3Q121 3 100 0H88V46H114Q136 46 152 46T177 47T193 50T201 52T207 57T213 61V578Z\\" style=\\"stroke-width: 3;\\"/></g></g></g></svg></mjx-container>"`;

exports[`block mathjax > Should not output warnings when content has line breaks 1`] = `"<mjx-container class=\\"MathJax\\" jax=\\"SVG\\" display=\\"true\\" style=\\"direction: ltr; display: block; text-align: center; margin: 1em 0;\\"><svg style=\\"overflow: visible; min-height: 1px; min-width: 1px; vertical-align: -2.036ex;\\" xmlns=\\"http://www.w3.org/2000/svg\\" width=\\"12.836ex\\" height=\\"5.204ex\\" role=\\"img\\" focusable=\\"false\\" viewBox=\\"0 -1400 5673.6 2300\\"><g stroke=\\"currentColor\\" fill=\\"currentColor\\" stroke-width=\\"0\\" transform=\\"scale(1,-1)\\"><g data-mml-node=\\"math\\"><g data-mml-node=\\"mtable\\"><g data-mml-node=\\"mtr\\" transform=\\"translate(0,650)\\"><g data-mml-node=\\"mtd\\"><g data-mml-node=\\"mn\\"><path data-c=\\"31\\" d=\\"M213 578L200 573Q186 568 160 563T102 556H83V602H102Q149 604 189 617T245 641T273 663Q275 666 285 666Q294 666 302 660V361L303 61Q310 54 315 52T339 48T401 46H427V0H416Q395 3 257 3Q121 3 100 0H88V46H114Q136 46 152 46T177 47T193 50T201 52T207 57T213 61V578Z\\" style=\\"stroke-width: 3;\\"/><path data-c=\\"30\\" d=\\"M96 585Q152 666 249 666Q297 666 345 640T423 548Q460 465 460 320Q460 165 417 83Q397 41 362 16T301 -15T250 -22Q224 -22 198 -16T137 16T82 83Q39 165 39 320Q39 494 96 585ZM321 597Q291 629 250 629Q208 629 178 597Q153 571 145 525T137 333Q137 175 145 125T181 46Q209 16 250 16Q290 16 318 46Q347 76 354 130T362 333Q362 478 354 524T321 597Z\\" transform=\\"translate(500,0)\\" style=\\"stroke-width: 3;\\"/></g></g><g data-mml-node=\\"mtd\\" transform=\\"translate(1000,0)\\"><g data-mml-node=\\"mi\\"><path data-c=\\"1D465\\" d=\\"M52 289Q59 331 106 386T222 442Q257 442 286 424T329 379Q371 442 430 442Q467 442 494 420T522 361Q522 332 508 314T481 292T458 288Q439 288 427 299T415 328Q415 374 465 391Q454 404 425 404Q412 404 406 402Q368 386 350 336Q290 115 290 78Q290 50 306 38T341 26Q378 26 414 59T463 140Q466 150 469 151T485 153H489Q504 153 504 145Q504 144 502 134Q486 77 440 33T333 -11Q263 -11 227 52Q186 -10 133 -10H127Q78 -10 57 16T35 71Q35 103 54 123T99 143Q142 143 142 101Q142 81 130 66T107 46T94 41L91 40Q91 39 97 36T113 29T132 26Q168 26 194 71Q203 87 217 139T245 247T261 313Q266 340 266 352Q266 380 251 392T217 404Q177 404 142 372T93 290Q91 281 88 280T72 278H58Q52 284 52 289Z\\" style=\\"stroke-width: 3;\\"/></g><g data-mml-node=\\"mo\\" transform=\\"translate(572,0)\\"><path data-c=\\"2B\\" d=\\"M56 237T56 250T70 270H369V420L370 570Q380 583 389 583Q402 583 409 568V270H707Q722 262 722 250T707 230H409V-68Q401 -82 391 -82H389H387Q375 -82 369 -68V230H70Q56 237 56 250Z\\" style=\\"stroke-width: 3;\\"/></g></g><g data-mml-node=\\"mtd\\" transform=\\"translate(2850,0)\\"><g data-mml-node=\\"mn\\"><path data-c=\\"33\\" d=\\"M127 463Q100 463 85 480T69 524Q69 579 117 622T233 665Q268 665 277 664Q351 652 390 611T430 522Q430 470 396 421T302 350L299 348Q299 347 308 345T337 336T375 315Q457 262 457 175Q457 96 395 37T238 -22Q158 -22 100 21T42 130Q42 158 60 175T105 193Q133 193 151 175T169 130Q169 119 166 110T159 94T148 82T136 74T126 70T118 67L114 66Q165 21 238 21Q293 21 321 74Q338 107 338 175V195Q338 290 274 322Q259 328 213 329L171 330L168 332Q166 335 166 348Q166 366 174 366Q202 366 232 371Q266 376 294 413T322 525V533Q322 590 287 612Q265 626 240 626Q208 626 181 615T143 592T132 580H135Q138 579 143 578T153 573T165 566T175 555T183 540T186 520Q186 498 172 481T127 463Z\\" style=\\"stroke-width: 3;\\"/></g></g><g data-mml-node=\\"mtd\\" transform=\\"translate(3350,0)\\"><g data-mml-node=\\"mi\\"><path data-c=\\"1D466\\" d=\\"M21 287Q21 301 36 335T84 406T158 442Q199 442 224 419T250 355Q248 336 247 334Q247 331 231 288T198 191T182 105Q182 62 196 45T238 27Q261 27 281 38T312 61T339 94Q339 95 344 114T358 173T377 247Q415 397 419 404Q432 431 462 431Q475 431 483 424T494 412T496 403Q496 390 447 193T391 -23Q363 -106 294 -155T156 -205Q111 -205 77 -183T43 -117Q43 -95 50 -80T69 -58T89 -48T106 -45Q150 -45 150 -87Q150 -107 138 -122T115 -142T102 -147L99 -148Q101 -153 118 -160T152 -167H160Q177 -167 186 -165Q219 -156 247 -127T290 -65T313 -9T321 21L315 17Q309 13 296 6T270 -6Q250 -11 231 -11Q185 -11 150 11T104 82Q103 89 103 113Q103 170 138 262T173 379Q173 380 173 381Q173 390 173 393T169 400T158 404H154Q131 404 112 385T82 344T65 302T57 280Q55 278 41 278H27Q21 284 21 287Z\\" style=\\"stroke-width: 3;\\"/></g><g data-mml-node=\\"mo\\" transform=\\"translate(767.8,0)\\"><path data-c=\\"3D\\" d=\\"M56 347Q56 360 70 367H707Q722 359 722 347Q722 336 708 328L390 327H72Q56 332 56 347ZM56 153Q56 168 72 173H708Q722 163 722 153Q722 140 707 133H70Q56 140 56 153Z\\" style=\\"stroke-width: 3;\\"/></g><g data-mml-node=\\"mn\\" transform=\\"translate(1823.6,0)\\"><path data-c=\\"32\\" d=\\"M109 429Q82 429 66 447T50 491Q50 562 103 614T235 666Q326 666 387 610T449 465Q449 422 429 383T381 315T301 241Q265 210 201 149L142 93L218 92Q375 92 385 97Q392 99 409 186V189H449V186Q448 183 436 95T421 3V0H50V19V31Q50 38 56 46T86 81Q115 113 136 137Q145 147 170 174T204 211T233 244T261 278T284 308T305 340T320 369T333 401T340 431T343 464Q343 527 309 573T212 619Q179 619 154 602T119 569T109 550Q109 549 114 549Q132 549 151 535T170 489Q170 464 154 447T109 429Z\\" style=\\"stroke-width: 3;\\"/></g></g></g><g data-mml-node=\\"mtr\\" transform=\\"translate(0,-650)\\"><g data-mml-node=\\"mtd\\" transform=\\"translate(500,0)\\"><g data-mml-node=\\"mn\\"><path data-c=\\"33\\" d=\\"M127 463Q100 463 85 480T69 524Q69 579 117 622T233 665Q268 665 277 664Q351 652 390 611T430 522Q430 470 396 421T302 350L299 348Q299 347 308 345T337 336T375 315Q457 262 457 175Q457 96 395 37T238 -22Q158 -22 100 21T42 130Q42 158 60 175T105 193Q133 193 151 175T169 130Q169 119 166 110T159 94T148 82T136 74T126 70T118 67L114 66Q165 21 238 21Q293 21 321 74Q338 107 338 175V195Q338 290 274 322Q259 328 213 329L171 330L168 332Q166 335 166 348Q166 366 174 366Q202 366 232 371Q266 376 294 413T322 525V533Q322 590 287 612Q265 626 240 626Q208 626 181 615T143 592T132 580H135Q138 579 143 578T153 573T165 566T175 555T183 540T186 520Q186 498 172 481T127 463Z\\" style=\\"stroke-width: 3;\\"/></g></g><g data-mml-node=\\"mtd\\" transform=\\"translate(1000,0)\\"><g data-mml-node=\\"mi\\"><path data-c=\\"1D465\\" d=\\"M52 289Q59 331 106 386T222 442Q257 442 286 424T329 379Q371 442 430 442Q467 442 494 420T522 361Q522 332 508 314T481 292T458 288Q439 288 427 299T415 328Q415 374 465 391Q454 404 425 404Q412 404 406 402Q368 386 350 336Q290 115 290 78Q290 50 306 38T341 26Q378 26 414 59T463 140Q466 150 469 151T485 153H489Q504 153 504 145Q504 144 502 134Q486 77 440 33T333 -11Q263 -11 227 52Q186 -10 133 -10H127Q78 -10 57 16T35 71Q35 103 54 123T99 143Q142 143 142 101Q142 81 130 66T107 46T94 41L91 40Q91 39 97 36T113 29T132 26Q168 26 194 71Q203 87 217 139T245 247T261 313Q266 340 266 352Q266 380 251 392T217 404Q177 404 142 372T93 290Q91 281 88 280T72 278H58Q52 284 52 289Z\\" style=\\"stroke-width: 3;\\"/></g><g data-mml-node=\\"mo\\" transform=\\"translate(572,0)\\"><path data-c=\\"2B\\" d=\\"M56 237T56 250T70 270H369V420L370 570Q380 583 389 583Q402 583 409 568V270H707Q722 262 722 250T707 230H409V-68Q401 -82 391 -82H389H387Q375 -82 369 -68V230H70Q56 237 56 250Z\\" style=\\"stroke-width: 3;\\"/></g></g><g data-mml-node=\\"mtd\\" transform=\\"translate(2350,0)\\"><g data-mml-node=\\"mn\\"><path data-c=\\"31\\" d=\\"M213 578L200 573Q186 568 160 563T102 556H83V602H102Q149 604 189 617T245 641T273 663Q275 666 285 666Q294 666 302 660V361L303 61Q310 54 315 52T339 48T401 46H427V0H416Q395 3 257 3Q121 3 100 0H88V46H114Q136 46 152 46T177 47T193 50T201 52T207 57T213 61V578Z\\" style=\\"stroke-width: 3;\\"/><path data-c=\\"33\\" d=\\"M127 463Q100 463 85 480T69 524Q69 579 117 622T233 665Q268 665 277 664Q351 652 390 611T430 522Q430 470 396 421T302 350L299 348Q299 347 308 345T337 336T375 315Q457 262 457 175Q457 96 395 37T238 -22Q158 -22 100 21T42 130Q42 158 60 175T105 193Q133 193 151 175T169 130Q169 119 166 110T159 94T148 82T136 74T126 70T118 67L114 66Q165 21 238 21Q293 21 321 74Q338 107 338 175V195Q338 290 274 322Q259 328 213 329L171 330L168 332Q166 335 166 348Q166 366 174 366Q202 366 232 371Q266 376 294 413T322 525V533Q322 590 287 612Q265 626 240 626Q208 626 181 615T143 592T132 580H135Q138 579 143 578T153 573T165 566T175 555T183 540T186 520Q186 498 172 481T127 463Z\\" transform=\\"translate(500,0)\\" style=\\"stroke-width: 3;\\"/></g></g><g data-mml-node=\\"mtd\\" transform=\\"translate(3350,0)\\"><g data-mml-node=\\"mi\\"><path data-c=\\"1D466\\" d=\\"M21 287Q21 301 36 335T84 406T158 442Q199 442 224 419T250 355Q248 336 247 334Q247 331 231 288T198 191T182 105Q182 62 196 45T238 27Q261 27 281 38T312 61T339 94Q339 95 344 114T358 173T377 247Q415 397 419 404Q432 431 462 431Q475 431 483 424T494 412T496 403Q496 390 447 193T391 -23Q363 -106 294 -155T156 -205Q111 -205 77 -183T43 -117Q43 -95 50 -80T69 -58T89 -48T106 -45Q150 -45 150 -87Q150 -107 138 -122T115 -142T102 -147L99 -148Q101 -153 118 -160T152 -167H160Q177 -167 186 -165Q219 -156 247 -127T290 -65T313 -9T321 21L315 17Q309 13 296 6T270 -6Q250 -11 231 -11Q185 -11 150 11T104 82Q103 89 103 113Q103 170 138 262T173 379Q173 380 173 381Q173 390 173 393T169 400T158 404H154Q131 404 112 385T82 344T65 302T57 280Q55 278 41 278H27Q21 284 21 287Z\\" style=\\"stroke-width: 3;\\"/></g><g data-mml-node=\\"mo\\" transform=\\"translate(767.8,0)\\"><path data-c=\\"3D\\" d=\\"M56 347Q56 360 70 367H707Q722 359 722 347Q722 336 708 328L390 327H72Q56 332 56 347ZM56 153Q56 168 72 173H708Q722 163 722 153Q722 140 707 133H70Q56 140 56 153Z\\" style=\\"stroke-width: 3;\\"/></g><g data-mml-node=\\"mn\\" transform=\\"translate(1823.6,0)\\"><path data-c=\\"34\\" d=\\"M462 0Q444 3 333 3Q217 3 199 0H190V46H221Q241 46 248 46T265 48T279 53T286 61Q287 63 287 115V165H28V211L179 442Q332 674 334 675Q336 677 355 677H373L379 671V211H471V165H379V114Q379 73 379 66T385 54Q393 47 442 46H471V0H462ZM293 211V545L74 212L183 211H293Z\\" style=\\"stroke-width: 3;\\"/></g></g></g></g></g></g></svg></mjx-container>"`;

exports[`block mathjax > Should not render error msg when content is wrong 1`] = `"<mjx-container class=\\"MathJax\\" jax=\\"SVG\\" display=\\"true\\" style=\\"direction: ltr; display: block; text-align: center; margin: 1em 0;\\"><svg style=\\"overflow: visible; min-height: 1px; min-width: 1px; vertical-align: -0.566ex;\\" xmlns=\\"http://www.w3.org/2000/svg\\" width=\\"6.009ex\\" height=\\"2.262ex\\" role=\\"img\\" focusable=\\"false\\" viewBox=\\"0 -750 2656 1000\\"><g stroke=\\"currentColor\\" fill=\\"currentColor\\" stroke-width=\\"0\\" transform=\\"scale(1,-1)\\"><g data-mml-node=\\"math\\"><g data-mml-node=\\"mtext\\" fill=\\"red\\" stroke=\\"red\\"><path data-c=\\"5C\\" d=\\"M56 731Q56 740 62 745T75 750Q85 750 92 740Q96 733 270 255T444 -231Q444 -239 438 -244T424 -250Q414 -250 407 -240Q404 -236 230 242T56 731Z\\" style=\\"stroke-width: 3;\\"/><path data-c=\\"66\\" d=\\"M273 0Q255 3 146 3Q43 3 34 0H26V46H42Q70 46 91 49Q99 52 103 60Q104 62 104 224V385H33V431H104V497L105 564L107 574Q126 639 171 668T266 704Q267 704 275 704T289 705Q330 702 351 679T372 627Q372 604 358 590T321 576T284 590T270 627Q270 647 288 667H284Q280 668 273 668Q245 668 223 647T189 592Q183 572 182 497V431H293V385H185V225Q185 63 186 61T189 57T194 54T199 51T206 49T213 48T222 47T231 47T241 46T251 46H282V0H273Z\\" transform=\\"translate(500,0)\\" style=\\"stroke-width: 3;\\"/><path data-c=\\"72\\" d=\\"M36 46H50Q89 46 97 60V68Q97 77 97 91T98 122T98 161T98 203Q98 234 98 269T98 328L97 351Q94 370 83 376T38 385H20V408Q20 431 22 431L32 432Q42 433 60 434T96 436Q112 437 131 438T160 441T171 442H174V373Q213 441 271 441H277Q322 441 343 419T364 373Q364 352 351 337T313 322Q288 322 276 338T263 372Q263 381 265 388T270 400T273 405Q271 407 250 401Q234 393 226 386Q179 341 179 207V154Q179 141 179 127T179 101T180 81T180 66V61Q181 59 183 57T188 54T193 51T200 49T207 48T216 47T225 47T235 46T245 46H276V0H267Q249 3 140 3Q37 3 28 0H20V46H36Z\\" transform=\\"translate(806,0)\\" style=\\"stroke-width: 3;\\"/><path data-c=\\"61\\" d=\\"M137 305T115 305T78 320T63 359Q63 394 97 421T218 448Q291 448 336 416T396 340Q401 326 401 309T402 194V124Q402 76 407 58T428 40Q443 40 448 56T453 109V145H493V106Q492 66 490 59Q481 29 455 12T400 -6T353 12T329 54V58L327 55Q325 52 322 49T314 40T302 29T287 17T269 6T247 -2T221 -8T190 -11Q130 -11 82 20T34 107Q34 128 41 147T68 188T116 225T194 253T304 268H318V290Q318 324 312 340Q290 411 215 411Q197 411 181 410T156 406T148 403Q170 388 170 359Q170 334 154 320ZM126 106Q126 75 150 51T209 26Q247 26 276 49T315 109Q317 116 318 175Q318 233 317 233Q309 233 296 232T251 223T193 203T147 166T126 106Z\\" transform=\\"translate(1198,0)\\" style=\\"stroke-width: 3;\\"/></g><g data-mml-node=\\"TeXAtom\\" data-mjx-texclass=\\"ORD\\" transform=\\"translate(1698,0)\\"><g data-mml-node=\\"mi\\"><path data-c=\\"1D44E\\" d=\\"M33 157Q33 258 109 349T280 441Q331 441 370 392Q386 422 416 422Q429 422 439 414T449 394Q449 381 412 234T374 68Q374 43 381 35T402 26Q411 27 422 35Q443 55 463 131Q469 151 473 152Q475 153 483 153H487Q506 153 506 144Q506 138 501 117T481 63T449 13Q436 0 417 -8Q409 -10 393 -10Q359 -10 336 5T306 36L300 51Q299 52 296 50Q294 48 292 46Q233 -10 172 -10Q117 -10 75 30T33 157ZM351 328Q351 334 346 350T323 385T277 405Q242 405 210 374T160 293Q131 214 119 129Q119 126 119 118T118 106Q118 61 136 44T179 26Q217 26 254 59T298 110Q300 114 325 217T351 328Z\\" style=\\"stroke-width: 3;\\"/></g></g><g data-mml-node=\\"TeXAtom\\" data-mjx-texclass=\\"ORD\\" transform=\\"translate(2227,0)\\"><g data-mml-node=\\"mi\\"><path data-c=\\"1D44F\\" d=\\"M73 647Q73 657 77 670T89 683Q90 683 161 688T234 694Q246 694 246 685T212 542Q204 508 195 472T180 418L176 399Q176 396 182 402Q231 442 283 442Q345 442 383 396T422 280Q422 169 343 79T173 -11Q123 -11 82 27T40 150V159Q40 180 48 217T97 414Q147 611 147 623T109 637Q104 637 101 637H96Q86 637 83 637T76 640T73 647ZM336 325V331Q336 405 275 405Q258 405 240 397T207 376T181 352T163 330L157 322L136 236Q114 150 114 114Q114 66 138 42Q154 26 178 26Q211 26 245 58Q270 81 285 114T318 219Q336 291 336 325Z\\" style=\\"stroke-width: 3;\\"/></g></g></g></g></svg></mjx-container>"`;

exports[`block mathjax > Should not render error msg when content is wrong 2`] = `"<mjx-container class=\\"MathJax\\" jax=\\"SVG\\" display=\\"true\\" style=\\"direction: ltr; display: block; text-align: center; margin: 1em 0;\\"><svg style=\\"overflow: visible; min-height: 1px; min-width: 1px; vertical-align: -0.566ex;\\" xmlns=\\"http://www.w3.org/2000/svg\\" width=\\"6.009ex\\" height=\\"2.262ex\\" role=\\"img\\" focusable=\\"false\\" viewBox=\\"0 -750 2656 1000\\"><g stroke=\\"currentColor\\" fill=\\"currentColor\\" stroke-width=\\"0\\" transform=\\"scale(1,-1)\\"><g data-mml-node=\\"math\\"><g data-mml-node=\\"mtext\\" fill=\\"red\\" stroke=\\"red\\"><path data-c=\\"5C\\" d=\\"M56 731Q56 740 62 745T75 750Q85 750 92 740Q96 733 270 255T444 -231Q444 -239 438 -244T424 -250Q414 -250 407 -240Q404 -236 230 242T56 731Z\\" style=\\"stroke-width: 3;\\"/><path data-c=\\"66\\" d=\\"M273 0Q255 3 146 3Q43 3 34 0H26V46H42Q70 46 91 49Q99 52 103 60Q104 62 104 224V385H33V431H104V497L105 564L107 574Q126 639 171 668T266 704Q267 704 275 704T289 705Q330 702 351 679T372 627Q372 604 358 590T321 576T284 590T270 627Q270 647 288 667H284Q280 668 273 668Q245 668 223 647T189 592Q183 572 182 497V431H293V385H185V225Q185 63 186 61T189 57T194 54T199 51T206 49T213 48T222 47T231 47T241 46T251 46H282V0H273Z\\" transform=\\"translate(500,0)\\" style=\\"stroke-width: 3;\\"/><path data-c=\\"72\\" d=\\"M36 46H50Q89 46 97 60V68Q97 77 97 91T98 122T98 161T98 203Q98 234 98 269T98 328L97 351Q94 370 83 376T38 385H20V408Q20 431 22 431L32 432Q42 433 60 434T96 436Q112 437 131 438T160 441T171 442H174V373Q213 441 271 441H277Q322 441 343 419T364 373Q364 352 351 337T313 322Q288 322 276 338T263 372Q263 381 265 388T270 400T273 405Q271 407 250 401Q234 393 226 386Q179 341 179 207V154Q179 141 179 127T179 101T180 81T180 66V61Q181 59 183 57T188 54T193 51T200 49T207 48T216 47T225 47T235 46T245 46H276V0H267Q249 3 140 3Q37 3 28 0H20V46H36Z\\" transform=\\"translate(806,0)\\" style=\\"stroke-width: 3;\\"/><path data-c=\\"61\\" d=\\"M137 305T115 305T78 320T63 359Q63 394 97 421T218 448Q291 448 336 416T396 340Q401 326 401 309T402 194V124Q402 76 407 58T428 40Q443 40 448 56T453 109V145H493V106Q492 66 490 59Q481 29 455 12T400 -6T353 12T329 54V58L327 55Q325 52 322 49T314 40T302 29T287 17T269 6T247 -2T221 -8T190 -11Q130 -11 82 20T34 107Q34 128 41 147T68 188T116 225T194 253T304 268H318V290Q318 324 312 340Q290 411 215 411Q197 411 181 410T156 406T148 403Q170 388 170 359Q170 334 154 320ZM126 106Q126 75 150 51T209 26Q247 26 276 49T315 109Q317 116 318 175Q318 233 317 233Q309 233 296 232T251 223T193 203T147 166T126 106Z\\" transform=\\"translate(1198,0)\\" style=\\"stroke-width: 3;\\"/></g><g data-mml-node=\\"TeXAtom\\" data-mjx-texclass=\\"ORD\\" transform=\\"translate(1698,0)\\"><g data-mml-node=\\"mi\\"><path data-c=\\"1D44E\\" d=\\"M33 157Q33 258 109 349T280 441Q331 441 370 392Q386 422 416 422Q429 422 439 414T449 394Q449 381 412 234T374 68Q374 43 381 35T402 26Q411 27 422 35Q443 55 463 131Q469 151 473 152Q475 153 483 153H487Q506 153 506 144Q506 138 501 117T481 63T449 13Q436 0 417 -8Q409 -10 393 -10Q359 -10 336 5T306 36L300 51Q299 52 296 50Q294 48 292 46Q233 -10 172 -10Q117 -10 75 30T33 157ZM351 328Q351 334 346 350T323 385T277 405Q242 405 210 374T160 293Q131 214 119 129Q119 126 119 118T118 106Q118 61 136 44T179 26Q217 26 254 59T298 110Q300 114 325 217T351 328Z\\" style=\\"stroke-width: 3;\\"/></g></g><g data-mml-node=\\"TeXAtom\\" data-mjx-texclass=\\"ORD\\" transform=\\"translate(2227,0)\\"><g data-mml-node=\\"mi\\"><path data-c=\\"1D44F\\" d=\\"M73 647Q73 657 77 670T89 683Q90 683 161 688T234 694Q246 694 246 685T212 542Q204 508 195 472T180 418L176 399Q176 396 182 402Q231 442 283 442Q345 442 383 396T422 280Q422 169 343 79T173 -11Q123 -11 82 27T40 150V159Q40 180 48 217T97 414Q147 611 147 623T109 637Q104 637 101 637H96Q86 637 83 637T76 640T73 647ZM336 325V331Q336 405 275 405Q258 405 240 397T207 376T181 352T163 330L157 322L136 236Q114 150 114 114Q114 66 138 42Q154 26 178 26Q211 26 245 58Q270 81 285 114T318 219Q336 291 336 325Z\\" style=\\"stroke-width: 3;\\"/></g></g></g></g></svg></mjx-container>"`;

exports[`block mathjax > Should render when having spaces 1`] = `"<mjx-container class=\\"MathJax\\" jax=\\"SVG\\" display=\\"true\\" style=\\"direction: ltr; display: block; text-align: center; margin: 1em 0;\\"><svg style=\\"overflow: visible; min-height: 1px; min-width: 1px; vertical-align: -0.186ex;\\" xmlns=\\"http://www.w3.org/2000/svg\\" width=\\"5.345ex\\" height=\\"1.692ex\\" role=\\"img\\" focusable=\\"false\\" viewBox=\\"0 -666 2362.6 748\\"><g stroke=\\"currentColor\\" fill=\\"currentColor\\" stroke-width=\\"0\\" transform=\\"scale(1,-1)\\"><g data-mml-node=\\"math\\"><g data-mml-node=\\"mi\\"><path data-c=\\"1D44E\\" d=\\"M33 157Q33 258 109 349T280 441Q331 441 370 392Q386 422 416 422Q429 422 439 414T449 394Q449 381 412 234T374 68Q374 43 381 35T402 26Q411 27 422 35Q443 55 463 131Q469 151 473 152Q475 153 483 153H487Q506 153 506 144Q506 138 501 117T481 63T449 13Q436 0 417 -8Q409 -10 393 -10Q359 -10 336 5T306 36L300 51Q299 52 296 50Q294 48 292 46Q233 -10 172 -10Q117 -10 75 30T33 157ZM351 328Q351 334 346 350T323 385T277 405Q242 405 210 374T160 293Q131 214 119 129Q119 126 119 118T118 106Q118 61 136 44T179 26Q217 26 254 59T298 110Q300 114 325 217T351 328Z\\" style=\\"stroke-width: 3;\\"/></g><g data-mml-node=\\"mo\\" transform=\\"translate(806.8,0)\\"><path data-c=\\"3D\\" d=\\"M56 347Q56 360 70 367H707Q722 359 722 347Q722 336 708 328L390 327H72Q56 332 56 347ZM56 153Q56 168 72 173H708Q722 163 722 153Q722 140 707 133H70Q56 140 56 153Z\\" style=\\"stroke-width: 3;\\"/></g><g data-mml-node=\\"mn\\" transform=\\"translate(1862.6,0)\\"><path data-c=\\"31\\" d=\\"M213 578L200 573Q186 568 160 563T102 556H83V602H102Q149 604 189 617T245 641T273 663Q275 666 285 666Q294 666 302 660V361L303 61Q310 54 315 52T339 48T401 46H427V0H416Q395 3 257 3Q121 3 100 0H88V46H114Q136 46 152 46T177 47T193 50T201 52T207 57T213 61V578Z\\" style=\\"stroke-width: 3;\\"/></g></g></g></svg></mjx-container>"`;

exports[`inline mathjax > Shoud render 1`] = `
"<p><mjx-container class=\\"MathJax\\" jax=\\"SVG\\" style=\\"direction: ltr;\\"><svg style=\\"overflow: visible; min-height: 1px; min-width: 1px; vertical-align: -0.186ex;\\" xmlns=\\"http://www.w3.org/2000/svg\\" width=\\"5.345ex\\" height=\\"1.692ex\\" role=\\"img\\" focusable=\\"false\\" viewBox=\\"0 -666 2362.6 748\\"><g stroke=\\"currentColor\\" fill=\\"currentColor\\" stroke-width=\\"0\\" transform=\\"scale(1,-1)\\"><g data-mml-node=\\"math\\"><g data-mml-node=\\"mi\\"><path data-c=\\"1D44E\\" d=\\"M33 157Q33 258 109 349T280 441Q331 441 370 392Q386 422 416 422Q429 422 439 414T449 394Q449 381 412 234T374 68Q374 43 381 35T402 26Q411 27 422 35Q443 55 463 131Q469 151 473 152Q475 153 483 153H487Q506 153 506 144Q506 138 501 117T481 63T449 13Q436 0 417 -8Q409 -10 393 -10Q359 -10 336 5T306 36L300 51Q299 52 296 50Q294 48 292 46Q233 -10 172 -10Q117 -10 75 30T33 157ZM351 328Q351 334 346 350T323 385T277 405Q242 405 210 374T160 293Q131 214 119 129Q119 126 119 118T118 106Q118 61 136 44T179 26Q217 26 254 59T298 110Q300 114 325 217T351 328Z\\" style=\\"stroke-width: 3;\\"/></g><g data-mml-node=\\"mo\\" transform=\\"translate(806.8,0)\\"><path data-c=\\"3D\\" d=\\"M56 347Q56 360 70 367H707Q722 359 722 347Q722 336 708 328L390 327H72Q56 332 56 347ZM56 153Q56 168 72 173H708Q722 163 722 153Q722 140 707 133H70Q56 140 56 153Z\\" style=\\"stroke-width: 3;\\"/></g><g data-mml-node=\\"mn\\" transform=\\"translate(1862.6,0)\\"><path data-c=\\"31\\" d=\\"M213 578L200 573Q186 568 160 563T102 556H83V602H102Q149 604 189 617T245 641T273 663Q275 666 285 666Q294 666 302 660V361L303 61Q310 54 315 52T339 48T401 46H427V0H416Q395 3 257 3Q121 3 100 0H88V46H114Q136 46 152 46T177 47T193 50T201 52T207 57T213 61V578Z\\" style=\\"stroke-width: 3;\\"/></g></g></g></svg></mjx-container></p>
"
`;

exports[`inline mathjax > Should not render error msg when content is wrong 1`] = `
"<p><mjx-container class=\\"MathJax\\" jax=\\"SVG\\" style=\\"direction: ltr;\\"><svg style=\\"overflow: visible; min-height: 1px; min-width: 1px; vertical-align: -0.566ex;\\" xmlns=\\"http://www.w3.org/2000/svg\\" width=\\"6.009ex\\" height=\\"2.262ex\\" role=\\"img\\" focusable=\\"false\\" viewBox=\\"0 -750 2656 1000\\"><g stroke=\\"currentColor\\" fill=\\"currentColor\\" stroke-width=\\"0\\" transform=\\"scale(1,-1)\\"><g data-mml-node=\\"math\\"><g data-mml-node=\\"mtext\\" fill=\\"red\\" stroke=\\"red\\"><path data-c=\\"5C\\" d=\\"M56 731Q56 740 62 745T75 750Q85 750 92 740Q96 733 270 255T444 -231Q444 -239 438 -244T424 -250Q414 -250 407 -240Q404 -236 230 242T56 731Z\\" style=\\"stroke-width: 3;\\"/><path data-c=\\"66\\" d=\\"M273 0Q255 3 146 3Q43 3 34 0H26V46H42Q70 46 91 49Q99 52 103 60Q104 62 104 224V385H33V431H104V497L105 564L107 574Q126 639 171 668T266 704Q267 704 275 704T289 705Q330 702 351 679T372 627Q372 604 358 590T321 576T284 590T270 627Q270 647 288 667H284Q280 668 273 668Q245 668 223 647T189 592Q183 572 182 497V431H293V385H185V225Q185 63 186 61T189 57T194 54T199 51T206 49T213 48T222 47T231 47T241 46T251 46H282V0H273Z\\" transform=\\"translate(500,0)\\" style=\\"stroke-width: 3;\\"/><path data-c=\\"72\\" d=\\"M36 46H50Q89 46 97 60V68Q97 77 97 91T98 122T98 161T98 203Q98 234 98 269T98 328L97 351Q94 370 83 376T38 385H20V408Q20 431 22 431L32 432Q42 433 60 434T96 436Q112 437 131 438T160 441T171 442H174V373Q213 441 271 441H277Q322 441 343 419T364 373Q364 352 351 337T313 322Q288 322 276 338T263 372Q263 381 265 388T270 400T273 405Q271 407 250 401Q234 393 226 386Q179 341 179 207V154Q179 141 179 127T179 101T180 81T180 66V61Q181 59 183 57T188 54T193 51T200 49T207 48T216 47T225 47T235 46T245 46H276V0H267Q249 3 140 3Q37 3 28 0H20V46H36Z\\" transform=\\"translate(806,0)\\" style=\\"stroke-width: 3;\\"/><path data-c=\\"61\\" d=\\"M137 305T115 305T78 320T63 359Q63 394 97 421T218 448Q291 448 336 416T396 340Q401 326 401 309T402 194V124Q402 76 407 58T428 40Q443 40 448 56T453 109V145H493V106Q492 66 490 59Q481 29 455 12T400 -6T353 12T329 54V58L327 55Q325 52 322 49T314 40T302 29T287 17T269 6T247 -2T221 -8T190 -11Q130 -11 82 20T34 107Q34 128 41 147T68 188T116 225T194 253T304 268H318V290Q318 324 312 340Q290 411 215 411Q197 411 181 410T156 406T148 403Q170 388 170 359Q170 334 154 320ZM126 106Q126 75 150 51T209 26Q247 26 276 49T315 109Q317 116 318 175Q318 233 317 233Q309 233 296 232T251 223T193 203T147 166T126 106Z\\" transform=\\"translate(1198,0)\\" style=\\"stroke-width: 3;\\"/></g><g data-mml-node=\\"TeXAtom\\" data-mjx-texclass=\\"ORD\\" transform=\\"translate(1698,0)\\"><g data-mml-node=\\"mi\\"><path data-c=\\"1D44E\\" d=\\"M33 157Q33 258 109 349T280 441Q331 441 370 392Q386 422 416 422Q429 422 439 414T449 394Q449 381 412 234T374 68Q374 43 381 35T402 26Q411 27 422 35Q443 55 463 131Q469 151 473 152Q475 153 483 153H487Q506 153 506 144Q506 138 501 117T481 63T449 13Q436 0 417 -8Q409 -10 393 -10Q359 -10 336 5T306 36L300 51Q299 52 296 50Q294 48 292 46Q233 -10 172 -10Q117 -10 75 30T33 157ZM351 328Q351 334 346 350T323 385T277 405Q242 405 210 374T160 293Q131 214 119 129Q119 126 119 118T118 106Q118 61 136 44T179 26Q217 26 254 59T298 110Q300 114 325 217T351 328Z\\" style=\\"stroke-width: 3;\\"/></g></g><g data-mml-node=\\"TeXAtom\\" data-mjx-texclass=\\"ORD\\" transform=\\"translate(2227,0)\\"><g data-mml-node=\\"mi\\"><path data-c=\\"1D44F\\" d=\\"M73 647Q73 657 77 670T89 683Q90 683 161 688T234 694Q246 694 246 685T212 542Q204 508 195 472T180 418L176 399Q176 396 182 402Q231 442 283 442Q345 442 383 396T422 280Q422 169 343 79T173 -11Q123 -11 82 27T40 150V159Q40 180 48 217T97 414Q147 611 147 623T109 637Q104 637 101 637H96Q86 637 83 637T76 640T73 647ZM336 325V331Q336 405 275 405Q258 405 240 397T207 376T181 352T163 330L157 322L136 236Q114 150 114 114Q114 66 138 42Q154 26 178 26Q211 26 245 58Q270 81 285 114T318 219Q336 291 336 325Z\\" style=\\"stroke-width: 3;\\"/></g></g></g></g></svg></mjx-container></p>
"
`;

exports[`inline mathjax > Should render when the first one is after a charater 1`] = `
"<p>The next<mjx-container class=\\"MathJax\\" jax=\\"SVG\\" style=\\"direction: ltr;\\"><svg style=\\"overflow: visible; min-height: 1px; min-width: 1px; vertical-align: -0.186ex;\\" xmlns=\\"http://www.w3.org/2000/svg\\" width=\\"5.345ex\\" height=\\"1.692ex\\" role=\\"img\\" focusable=\\"false\\" viewBox=\\"0 -666 2362.6 748\\"><g stroke=\\"currentColor\\" fill=\\"currentColor\\" stroke-width=\\"0\\" transform=\\"scale(1,-1)\\"><g data-mml-node=\\"math\\"><g data-mml-node=\\"mi\\"><path data-c=\\"1D44E\\" d=\\"M33 157Q33 258 109 349T280 441Q331 441 370 392Q386 422 416 422Q429 422 439 414T449 394Q449 381 412 234T374 68Q374 43 381 35T402 26Q411 27 422 35Q443 55 463 131Q469 151 473 152Q475 153 483 153H487Q506 153 506 144Q506 138 501 117T481 63T449 13Q436 0 417 -8Q409 -10 393 -10Q359 -10 336 5T306 36L300 51Q299 52 296 50Q294 48 292 46Q233 -10 172 -10Q117 -10 75 30T33 157ZM351 328Q351 334 346 350T323 385T277 405Q242 405 210 374T160 293Q131 214 119 129Q119 126 119 118T118 106Q118 61 136 44T179 26Q217 26 254 59T298 110Q300 114 325 217T351 328Z\\" style=\\"stroke-width: 3;\\"/></g><g data-mml-node=\\"mo\\" transform=\\"translate(806.8,0)\\"><path data-c=\\"3D\\" d=\\"M56 347Q56 360 70 367H707Q722 359 722 347Q722 336 708 328L390 327H72Q56 332 56 347ZM56 153Q56 168 72 173H708Q722 163 722 153Q722 140 707 133H70Q56 140 56 153Z\\" style=\\"stroke-width: 3;\\"/></g><g data-mml-node=\\"mn\\" transform=\\"translate(1862.6,0)\\"><path data-c=\\"31\\" d=\\"M213 578L200 573Q186 568 160 563T102 556H83V602H102Q149 604 189 617T245 641T273 663Q275 666 285 666Q294 666 302 660V361L303 61Q310 54 315 52T339 48T401 46H427V0H416Q395 3 257 3Q121 3 100 0H88V46H114Q136 46 152 46T177 47T193 50T201 52T207 57T213 61V578Z\\" style=\\"stroke-width: 3;\\"/></g></g></g></svg></mjx-container> won’t work</p>
"
`;
