// Vitest Snapshot v1, https://vitest.dev/guide/snapshot.html

exports[`tabs > Should render multiple block 1`] = `
"<Tabs id=\\"0\\" :data='[{\\"title\\":\\"js\\"},{\\"title\\":\\"ts\\"}]'>
<template #tab0=\\"{ title, value, isActive }\\">
<pre><code class=\\"language-js\\">const a = 1;
</code></pre>
</template>
<template #tab1=\\"{ title, value, isActive }\\">
<pre><code class=\\"language-ts\\">const a = 1;
</code></pre>
</template>
</Tabs>
"
`;

exports[`tabs > Should render multiple block 2`] = `
"<Tabs id=\\"0\\" :data='[{\\"title\\":\\"js\\"},{\\"title\\":\\"ts\\"}]'>
<template #tab0=\\"{ title, value, isActive }\\">
<pre><code class=\\"language-js\\">const a = 1;
</code></pre>
</template>
<template #tab1=\\"{ title, value, isActive }\\">
<pre><code class=\\"language-ts\\">const a = 1;
</code></pre>
</template>
</Tabs>
"
`;

exports[`tabs > Should render single block 1`] = `
"<Tabs id=\\"0\\" :data='[{\\"title\\":\\"js\\"}]'>
<template #tab0=\\"{ title, value, isActive }\\">
<pre><code class=\\"language-js\\">const a = 1;
</code></pre>
</template>
</Tabs>
"
`;

exports[`tabs > Should render single block 2`] = `
"<Tabs id=\\"0\\" :data='[{\\"title\\":\\"js\\"}]'>
<template #tab0=\\"{ title, value, isActive }\\">
<pre><code class=\\"language-js\\">const a = 1;
</code></pre>
</template>
</Tabs>
"
`;

exports[`tabs > Should support active 1`] = `
"<Tabs id=\\"0\\" :data='[{\\"title\\":\\"js\\"}]' :active=\\"0\\">
<template #tab0=\\"{ title, value, isActive }\\">
<pre><code class=\\"language-js\\">const a = 1;
</code></pre>
</template>
</Tabs>
"
`;

exports[`tabs > Should support active 2`] = `
"<Tabs id=\\"0\\" :data='[{\\"title\\":\\"js\\"}]' :active=\\"0\\">
<template #tab0=\\"{ title, value, isActive }\\">
<pre><code class=\\"language-js\\">const a = 1;
</code></pre>
</template>
</Tabs>
"
`;

exports[`tabs > Should support active 3`] = `
"<Tabs id=\\"0\\" :data='[{\\"title\\":\\"js\\"},{\\"title\\":\\"ts\\"}]' :active=\\"1\\">
<template #tab0=\\"{ title, value, isActive }\\">
<pre><code class=\\"language-js\\">const a = 1;
</code></pre>
</template>
<template #tab1=\\"{ title, value, isActive }\\">
<pre><code class=\\"language-ts\\">const a = 1;
</code></pre>
</template>
</Tabs>
"
`;

exports[`tabs > Should support active 4`] = `
"<Tabs id=\\"0\\" :data='[{\\"title\\":\\"js\\"},{\\"title\\":\\"ts\\"}]' :active=\\"1\\">
<template #tab0=\\"{ title, value, isActive }\\">
<pre><code class=\\"language-js\\">const a = 1;
</code></pre>
</template>
<template #tab1=\\"{ title, value, isActive }\\">
<pre><code class=\\"language-ts\\">const a = 1;
</code></pre>
</template>
</Tabs>
"
`;

exports[`tabs > Should support tabs id 1`] = `
"<Tabs id=\\"0\\" :data='[{\\"title\\":\\"js\\"}]' tab-id=\\"event\\">
<template #tab0=\\"{ title, value, isActive }\\">
<pre><code class=\\"language-js\\">const a = 1;
</code></pre>
</template>
</Tabs>
"
`;

exports[`tabs > Should support tabs id 2`] = `
"<Tabs id=\\"0\\" :data='[{\\"title\\":\\"js\\"}]' tab-id=\\"event-id\\">
<template #tab0=\\"{ title, value, isActive }\\">
<pre><code class=\\"language-js\\">const a = 1;
</code></pre>
</template>
</Tabs>
"
`;

exports[`tabs > Should support tabs id 3`] = `
"<Tabs id=\\"0\\" :data='[{\\"title\\":\\"js\\"}]' tab-id=\\"id with space\\">
<template #tab0=\\"{ title, value, isActive }\\">
<pre><code class=\\"language-js\\">const a = 1;
</code></pre>
</template>
</Tabs>
"
`;

exports[`tabs > Should support tabs id 4`] = `
"<Tabs id=\\"0\\" :data='[{\\"title\\":\\"js\\"}]' tab-id=\\"id starts and having space in the end\\">
<template #tab0=\\"{ title, value, isActive }\\">
<pre><code class=\\"language-js\\">const a = 1;
</code></pre>
</template>
</Tabs>
"
`;

exports[`tabs > should ignore other items 1`] = `
"<Tabs id=\\"0\\" :data='[{\\"title\\":\\"js\\"}]' :active=\\"0\\">
<template #tab0=\\"{ title, value, isActive }\\">
<pre><code class=\\"language-js\\">const a = 1;
</code></pre>
<pre><code class=\\"language-ts\\">const a = 1;
</code></pre>
</template>
</Tabs>
"
`;

exports[`tabs > should ignore other items 2`] = `
"<Tabs id=\\"0\\" :data='[{\\"title\\":\\"js\\"}]' :active=\\"0\\">
<template #tab0=\\"{ title, value, isActive }\\">
<pre><code class=\\"language-js\\">const a = 1;
</code></pre>
<pre><code class=\\"language-ts\\">const a = 1;
</code></pre>
</template>
</Tabs>
"
`;
