// Vitest Snapshot v1

exports[`block katex > Should render when having spaces 1`] = `
"<p>{Tex content: 
a = 1 
}</p>"
`;

exports[`inline katex > Should not render when the first one is after a charater 1`] = `
"<p>The next{Tex content: a = 1} wonâ€™t work</p>
"
`;
